{
  "info": {
    "title": "guess the secret app",
    "version": "v1"
  },
  "tags": [
  ],
  "servers": [
    {
      "url": "http://localhost:9000"
    }
  ],
  "paths": {
    "/games": {
      "post": {
        "summary": "Start a new game",
        "tags": [
          ""
        ],
        "parameters": [
        ],
        "responses": {
          "201": {
            "description": "Successful start of a new game",
            "content": {
              "application/json": {
                "example": {
                  "id": "00000000-0000-0000-0000-000000000000"
                },
                "schema": {
                  "$ref": "#/components/schemas/GameStarted"
                }
              }
            }
          },
          "401": {
            "description": "Not authenticated",
            "content": {
            }
          }
        },
        "security": [
          {
            "basicAuth": [
            ]
          }
        ],
        "operationId": "startNewGame",
        "deprecated": false
      }
    },
    "/games/{id}": {
      "get": {
        "summary": "Retrieve details of a specific game",
        "tags": [
          ""
        ],
        "parameters": [
          {
            "schema": {
              "type": "string"
            },
            "in": "path",
            "name": "id",
            "required": true
          }
        ],
        "responses": {
          "200": {
            "description": "Successful retrieval of the game details",
            "content": {
              "application/json": {
                "example": {
                  "id": "00000000-0000-0000-0000-000000000000",
                  "hint": "hint",
                  "won": false
                },
                "schema": {
                  "$ref": "#/components/schemas/GameDetails"
                }
              }
            }
          },
          "401": {
            "description": "Not authenticated",
            "content": {
            }
          },
          "404": {
            "description": "Could not find the game",
            "content": {
            }
          }
        },
        "security": [
          {
            "basicAuth": [
            ]
          }
        ],
        "operationId": "getGameDetails",
        "deprecated": false
      }
    },
    "/games/{id}/guesses": {
      "post": {
        "summary": "Submit guess for a specific game",
        "tags": [
          ""
        ],
        "parameters": [
          {
            "schema": {
              "type": "string"
            },
            "in": "path",
            "name": "id",
            "required": true
          }
        ],
        "requestBody": {
          "content": {
            "application/json": {
              "example": {
                "secret": "guess"
              },
              "schema": {
                "$ref": "#/components/schemas/SubmittedGuess"
              }
            }
          },
          "required": true
        },
        "responses": {
          "201": {
            "description": "Successful guess submission",
            "content": {
              "application/json": {
                "example": {
                  "id": "00000000-0000-0000-0000-000000000000",
                  "playerId": "00000000-0000-0000-0000-000000000000",
                  "hint": "hint",
                  "won": false
                },
                "schema": {
                  "$ref": "#/components/schemas/GameUpdated"
                }
              }
            }
          },
          "401": {
            "description": "Not authenticated",
            "content": {
            }
          },
          "404": {
            "description": "Game not found",
            "content": {
            }
          },
          "400": {
            "description": "Unsuccessful game submission",
            "content": {
            }
          }
        },
        "security": [
          {
            "basicAuth": [
            ]
          }
        ],
        "operationId": "submitGuess",
        "deprecated": false
      }
    },
    "/leaderboard": {
      "get": {
        "summary": "Show leaderboard",
        "tags": [
          ""
        ],
        "parameters": [
        ],
        "responses": {
          "200": {
            "description": "Successful retrieval",
            "content": {
            }
          }
        },
        "security": [
          {
            "basicAuth": [
            ]
          }
        ],
        "operationId": "getLeaderboard",
        "deprecated": false
      }
    },
    "/players": {
      "post": {
        "summary": "Register a new player",
        "tags": [
          ""
        ],
        "parameters": [
        ],
        "requestBody": {
          "content": {
            "application/json": {
              "example": {
                "username": "player-username",
                "password": "player-password"
              },
              "schema": {
                "$ref": "#/components/schemas/SubmittedCredentials"
              }
            }
          },
          "required": true
        },
        "responses": {
          "201": {
            "description": "Successful player registration",
            "content": {
            }
          }
        },
        "security": [
        ],
        "operationId": "registerNewPlayer",
        "deprecated": false
      }
    }
  },
  "components": {
    "schemas": {
      "SubmittedCredentials": {
        "properties": {
          "username": {
            "example": "player-username",
            "type": "string"
          },
          "password": {
            "example": "player-password",
            "type": "string"
          }
        },
        "example": {
          "username": "player-username",
          "password": "player-password"
        },
        "type": "object",
        "required": [
          "password",
          "username"
        ]
      },
      "GameUpdated": {
        "properties": {
          "id": {
            "example": "00000000-0000-0000-0000-000000000000",
            "format": "uuid",
            "type": "string"
          },
          "playerId": {
            "example": "00000000-0000-0000-0000-000000000000",
            "format": "uuid",
            "type": "string"
          },
          "hint": {
            "example": "hint",
            "type": "string"
          },
          "won": {
            "example": false,
            "type": "boolean"
          }
        },
        "example": {
          "id": "00000000-0000-0000-0000-000000000000",
          "playerId": "00000000-0000-0000-0000-000000000000",
          "hint": "hint",
          "won": false
        },
        "type": "object",
        "required": [
          "hint",
          "id",
          "playerId",
          "won"
        ]
      },
      "SubmittedGuess": {
        "properties": {
          "secret": {
            "example": "guess",
            "type": "string"
          }
        },
        "example": {
          "secret": "guess"
        },
        "type": "object",
        "required": [
          "secret"
        ]
      },
      "GameStarted": {
        "properties": {
          "id": {
            "example": "00000000-0000-0000-0000-000000000000",
            "format": "uuid",
            "type": "string"
          }
        },
        "example": {
          "id": "00000000-0000-0000-0000-000000000000"
        },
        "type": "object",
        "required": [
          "id"
        ]
      },
      "GameDetails": {
        "properties": {
          "id": {
            "example": "00000000-0000-0000-0000-000000000000",
            "format": "uuid",
            "type": "string"
          },
          "hint": {
            "example": "hint",
            "type": "string"
          },
          "won": {
            "example": false,
            "type": "boolean"
          }
        },
        "example": {
          "id": "00000000-0000-0000-0000-000000000000",
          "hint": "hint",
          "won": false
        },
        "type": "object",
        "required": [
          "hint",
          "id",
          "won"
        ]
      }
    },
    "securitySchemes": {
      "basicAuth": {
        "scheme": "basic",
        "type": "http"
      }
    }
  },
  "openapi": "3.0.0"
}